Microsoft Windows [ç‰ˆæœ¬ 10.0.22631.5472]
(c) Microsoft Corporationã€‚ä¿ç•™æ‰€æœ‰æƒåˆ©ã€‚

C:\Windows\System32>d:

D:\>cd D:\2025NUEDC\recognition_training\digit_recognition

D:\2025NUEDC\recognition_training\digit_recognition>pip uninstall tensorflow tensorflow-gpu keras
WARNING: Skipping tensorflow as it is not installed.
WARNING: Skipping tensorflow-gpu as it is not installed.
WARNING: Skipping keras as it is not installed.

D:\2025NUEDC\recognition_training\digit_recognition>pip cache purge
Files removed: 140 (3.4 MB)

D:\2025NUEDC\recognition_training\digit_recognition>pip install tensorflow -i https://mirrors.tuna.tsinghua.edu.cn/pypi/web/simple/ --trusted-host pypi.tuna.com
Looking in indexes: https://mirrors.tuna.tsinghua.edu.cn/pypi/web/simple/
Collecting tensorflow
  Downloading https://mirrors.tuna.tsinghua.edu.cn/pypi/web/packages/5c/98/d145af334fd5807d6ba1ead447bf0c57a36654ea58e726d70c0d09cae913/tensorflow-2.19.0-cp312-cp312-win_amd64.whl (376.0 MB)
     ---------------------------------------- 376.0/376.0 MB 109.3 kB/s eta 0:00:00
Collecting absl-py>=1.0.0 (from tensorflow)
  Downloading https://mirrors.tuna.tsinghua.edu.cn/pypi/web/packages/8f/aa/ba0014cc4659328dc818a28827be78e6d97312ab0cb98105a770924dc11e/absl_py-2.3.1-py3-none-any.whl (135 kB)
Collecting astunparse>=1.6.0 (from tensorflow)
  Downloading https://mirrors.tuna.tsinghua.edu.cn/pypi/web/packages/2b/03/13dde6512ad7b4557eb792fbcf0c653af6076b81e5941d36ec61f7ce6028/astunparse-1.6.3-py2.py3-none-any.whl (12 kB)
Collecting flatbuffers>=24.3.25 (from tensorflow)
  Downloading https://mirrors.tuna.tsinghua.edu.cn/pypi/web/packages/b8/25/155f9f080d5e4bc0082edfda032ea2bc2b8fab3f4d25d46c1e9dd22a1a89/flatbuffers-25.2.10-py2.py3-none-any.whl (30 kB)
Collecting gast!=0.5.0,!=0.5.1,!=0.5.2,>=0.2.1 (from tensorflow)
  Downloading https://mirrors.tuna.tsinghua.edu.cn/pypi/web/packages/a3/61/8001b38461d751cd1a0c3a6ae84346796a5758123f3ed97a1b121dfbf4f3/gast-0.6.0-py3-none-any.whl (21 kB)
Collecting google-pasta>=0.1.1 (from tensorflow)
  Downloading https://mirrors.tuna.tsinghua.edu.cn/pypi/web/packages/a3/de/c648ef6835192e6e2cc03f40b19eeda4382c49b5bafb43d88b931c4c74ac/google_pasta-0.2.0-py3-none-any.whl (57 kB)
Collecting libclang>=13.0.0 (from tensorflow)
  Downloading https://mirrors.tuna.tsinghua.edu.cn/pypi/web/packages/0b/2d/3f480b1e1d31eb3d6de5e3ef641954e5c67430d5ac93b7fa7e07589576c7/libclang-18.1.1-py2.py3-none-win_amd64.whl (26.4 MB)
     ---------------------------------------- 26.4/26.4 MB 120.3 kB/s eta 0:00:00
Collecting opt-einsum>=2.3.2 (from tensorflow)
  Downloading https://mirrors.tuna.tsinghua.edu.cn/pypi/web/packages/23/cd/066e86230ae37ed0be70aae89aabf03ca8d9f39c8aea0dec8029455b5540/opt_einsum-3.4.0-py3-none-any.whl (71 kB)
Requirement already satisfied: packaging in c:\python312\lib\site-packages (from tensorflow) (25.0)
Collecting protobuf!=4.21.0,!=4.21.1,!=4.21.2,!=4.21.3,!=4.21.4,!=4.21.5,<6.0.0dev,>=3.20.3 (from tensorflow)
  Downloading https://mirrors.tuna.tsinghua.edu.cn/pypi/web/packages/81/7f/73cefb093e1a2a7c3ffd839e6f9fcafb7a427d300c7f8aef9c64405d8ac6/protobuf-5.29.5-cp310-abi3-win_amd64.whl (434 kB)
Collecting requests<3,>=2.21.0 (from tensorflow)
  Downloading https://mirrors.tuna.tsinghua.edu.cn/pypi/web/packages/7c/e4/56027c4a6b4ae70ca9de302488c5ca95ad4a39e190093d6c1a8ace08341b/requests-2.32.4-py3-none-any.whl (64 kB)
Collecting setuptools (from tensorflow)
  Downloading https://mirrors.tuna.tsinghua.edu.cn/pypi/web/packages/a3/dc/17031897dae0efacfea57dfd3a82fdd2a2aeb58e0ff71b77b87e44edc772/setuptools-80.9.0-py3-none-any.whl (1.2 MB)
     ---------------------------------------- 1.2/1.2 MB 112.8 kB/s eta 0:00:00
Requirement already satisfied: six>=1.12.0 in c:\python312\lib\site-packages (from tensorflow) (1.17.0)
Collecting termcolor>=1.1.0 (from tensorflow)
  Downloading https://mirrors.tuna.tsinghua.edu.cn/pypi/web/packages/4f/bd/de8d508070629b6d84a30d01d57e4a65c69aa7f5abe7560b8fad3b50ea59/termcolor-3.1.0-py3-none-any.whl (7.7 kB)
Collecting typing-extensions>=3.6.6 (from tensorflow)
  Downloading https://mirrors.tuna.tsinghua.edu.cn/pypi/web/packages/b5/00/d631e67a838026495268c2f6884f3711a15a9a2a96cd244fdaea53b823fb/typing_extensions-4.14.1-py3-none-any.whl (43 kB)
Collecting wrapt>=1.11.0 (from tensorflow)
  Downloading https://mirrors.tuna.tsinghua.edu.cn/pypi/web/packages/15/06/1dbf478ea45c03e78a6a8c4be4fdc3c3bddea5c8de8a93bc971415e47f0f/wrapt-1.17.2-cp312-cp312-win_amd64.whl (38 kB)
Collecting grpcio<2.0,>=1.24.3 (from tensorflow)
  Downloading https://mirrors.tuna.tsinghua.edu.cn/pypi/web/packages/3c/52/302448ca6e52f2a77166b2e2ed75f5d08feca4f2145faf75cb768cccb25b/grpcio-1.73.1-cp312-cp312-win_amd64.whl (4.3 MB)
     ---------------------------------------- 4.3/4.3 MB 119.3 kB/s eta 0:00:00
Collecting tensorboard~=2.19.0 (from tensorflow)
  Downloading https://mirrors.tuna.tsinghua.edu.cn/pypi/web/packages/5d/12/4f70e8e2ba0dbe72ea978429d8530b0333f0ed2140cc571a48802878ef99/tensorboard-2.19.0-py3-none-any.whl (5.5 MB)
     ---------------------------------------- 5.5/5.5 MB 118.0 kB/s eta 0:00:00
Collecting keras>=3.5.0 (from tensorflow)
  Downloading https://mirrors.tuna.tsinghua.edu.cn/pypi/web/packages/95/e6/4179c461a5fc43e3736880f64dbdc9b1a5349649f0ae32ded927c0e3a227/keras-3.10.0-py3-none-any.whl (1.4 MB)
     ---------------------------------------- 1.4/1.4 MB 129.4 kB/s eta 0:00:00
Collecting numpy<2.2.0,>=1.26.0 (from tensorflow)
  Downloading https://mirrors.tuna.tsinghua.edu.cn/pypi/web/packages/a6/84/fa11dad3404b7634aaab50733581ce11e5350383311ea7a7010f464c0170/numpy-2.1.3-cp312-cp312-win_amd64.whl (12.6 MB)
     ---------------------------------------- 12.6/12.6 MB 117.1 kB/s eta 0:00:00
Collecting h5py>=3.11.0 (from tensorflow)
  Downloading https://mirrors.tuna.tsinghua.edu.cn/pypi/web/packages/7a/6d/6426d5d456f593c94b96fa942a9b3988ce4d65ebaf57d7273e452a7222e8/h5py-3.14.0-cp312-cp312-win_amd64.whl (2.9 MB)
     ---------------------------------------- 2.9/2.9 MB 103.4 kB/s eta 0:00:00
Collecting ml-dtypes<1.0.0,>=0.5.1 (from tensorflow)
  Downloading https://mirrors.tuna.tsinghua.edu.cn/pypi/web/packages/38/bc/c4260e4a6c6bf684d0313308de1c860467275221d5e7daf69b3fcddfdd0b/ml_dtypes-0.5.1-cp312-cp312-win_amd64.whl (210 kB)
Collecting charset_normalizer<4,>=2 (from requests<3,>=2.21.0->tensorflow)
  Downloading https://mirrors.tuna.tsinghua.edu.cn/pypi/web/packages/6c/4f/c02d5c493967af3eda9c771ad4d2bbc8df6f99ddbeb37ceea6e8716a32bc/charset_normalizer-3.4.2-cp312-cp312-win_amd64.whl (105 kB)
Collecting idna<4,>=2.5 (from requests<3,>=2.21.0->tensorflow)
  Downloading https://mirrors.tuna.tsinghua.edu.cn/pypi/web/packages/76/c6/c88e154df9c4e1a2a66ccf0005a88dfb2650c1dffb6f5ce603dfbd452ce3/idna-3.10-py3-none-any.whl (70 kB)
Collecting urllib3<3,>=1.21.1 (from requests<3,>=2.21.0->tensorflow)
  Downloading https://mirrors.tuna.tsinghua.edu.cn/pypi/web/packages/a7/c2/fe1e52489ae3122415c51f387e221dd0773709bad6c6cdaa599e8a2c5185/urllib3-2.5.0-py3-none-any.whl (129 kB)
Collecting certifi>=2017.4.17 (from requests<3,>=2.21.0->tensorflow)
  Downloading https://mirrors.tuna.tsinghua.edu.cn/pypi/web/packages/4f/52/34c6cf5bb9285074dc3531c437b3919e825d976fde097a7a73f79e726d03/certifi-2025.7.14-py3-none-any.whl (162 kB)
Collecting markdown>=2.6.8 (from tensorboard~=2.19.0->tensorflow)
  Downloading https://mirrors.tuna.tsinghua.edu.cn/pypi/web/packages/96/2b/34cc11786bc00d0f04d0f5fdc3a2b1ae0b6239eef72d3d345805f9ad92a1/markdown-3.8.2-py3-none-any.whl (106 kB)
Collecting tensorboard-data-server<0.8.0,>=0.7.0 (from tensorboard~=2.19.0->tensorflow)
  Downloading https://mirrors.tuna.tsinghua.edu.cn/pypi/web/packages/7a/13/e503968fefabd4c6b2650af21e110aa8466fe21432cd7c43a84577a89438/tensorboard_data_server-0.7.2-py3-none-any.whl (2.4 kB)
Collecting werkzeug>=1.0.1 (from tensorboard~=2.19.0->tensorflow)
  Downloading https://mirrors.tuna.tsinghua.edu.cn/pypi/web/packages/52/24/ab44c871b0f07f491e5d2ad12c9bd7358e527510618cb1b803a88e986db1/werkzeug-3.1.3-py3-none-any.whl (224 kB)
Collecting wheel<1.0,>=0.23.0 (from astunparse>=1.6.0->tensorflow)
  Downloading https://mirrors.tuna.tsinghua.edu.cn/pypi/web/packages/0b/2c/87f3254fd8ffd29e4c02732eee68a83a1d3c346ae39bc6822dcbcb697f2b/wheel-0.45.1-py3-none-any.whl (72 kB)
Collecting rich (from keras>=3.5.0->tensorflow)
  Downloading https://mirrors.tuna.tsinghua.edu.cn/pypi/web/packages/0d/9b/63f4c7ebc259242c89b3acafdb37b41d1185c07ff0011164674e9076b491/rich-14.0.0-py3-none-any.whl (243 kB)
Collecting namex (from keras>=3.5.0->tensorflow)
  Downloading https://mirrors.tuna.tsinghua.edu.cn/pypi/web/packages/b2/bc/465daf1de06409cdd4532082806770ee0d8d7df434da79c76564d0f69741/namex-0.1.0-py3-none-any.whl (5.9 kB)
Collecting optree (from keras>=3.5.0->tensorflow)
  Downloading https://mirrors.tuna.tsinghua.edu.cn/pypi/web/packages/4e/9e/d485bff9dee0efa90883bb54590dd8b18067ae3ea34c34a7b91d30cd5d1d/optree-0.16.0-cp312-cp312-win_amd64.whl (315 kB)
Collecting MarkupSafe>=2.1.1 (from werkzeug>=1.0.1->tensorboard~=2.19.0->tensorflow)
  Downloading https://mirrors.tuna.tsinghua.edu.cn/pypi/web/packages/c1/80/a61f99dc3a936413c3ee4e1eecac96c0da5ed07ad56fd975f1a9da5bc630/MarkupSafe-3.0.2-cp312-cp312-win_amd64.whl (15 kB)
Collecting markdown-it-py>=2.2.0 (from rich->keras>=3.5.0->tensorflow)
  Downloading https://mirrors.tuna.tsinghua.edu.cn/pypi/web/packages/42/d7/1ec15b46af6af88f19b8e5ffea08fa375d433c998b8a7639e76935c14f1f/markdown_it_py-3.0.0-py3-none-any.whl (87 kB)
Collecting pygments<3.0.0,>=2.13.0 (from rich->keras>=3.5.0->tensorflow)
  Downloading https://mirrors.tuna.tsinghua.edu.cn/pypi/web/packages/c7/21/705964c7812476f378728bdf590ca4b771ec72385c533964653c68e86bdc/pygments-2.19.2-py3-none-any.whl (1.2 MB)
     ---------------------------------------- 1.2/1.2 MB 102.2 kB/s eta 0:00:00
Collecting mdurl~=0.1 (from markdown-it-py>=2.2.0->rich->keras>=3.5.0->tensorflow)
  Downloading https://mirrors.tuna.tsinghua.edu.cn/pypi/web/packages/b3/38/89ba8ad64ae25be8de66a6d463314cf1eb366222074cfda9ee839c56a4b4/mdurl-0.1.2-py3-none-any.whl (10.0 kB)
Installing collected packages: namex, libclang, flatbuffers, wrapt, wheel, urllib3, typing-extensions, termcolor, tensorboard-data-server, setuptools, pygments, protobuf, opt-einsum, numpy, mdurl, MarkupSafe, markdown, idna, grpcio, google-pasta, gast, charset_normalizer, certifi, absl-py, werkzeug, requests, optree, ml-dtypes, markdown-it-py, h5py, astunparse, tensorboard, rich, keras, tensorflow
  Attempting uninstall: numpy
    Found existing installation: numpy 2.2.5
    Uninstalling numpy-2.2.5:
      Successfully uninstalled numpy-2.2.5
Successfully installed MarkupSafe-3.0.2 absl-py-2.3.1 astunparse-1.6.3 certifi-2025.7.14 charset_normalizer-3.4.2 flatbuffers-25.2.10 gast-0.6.0 google-pasta-0.2.0 grpcio-1.73.1 h5py-3.14.0 idna-3.10 keras-3.10.0 libclang-18.1.1 markdown-3.8.2 markdown-it-py-3.0.0 mdurl-0.1.2 ml-dtypes-0.5.1 namex-0.1.0 numpy-2.1.3 opt-einsum-3.4.0 optree-0.16.0 protobuf-5.29.5 pygments-2.19.2 requests-2.32.4 rich-14.0.0 setuptools-80.9.0 tensorboard-2.19.0 tensorboard-data-server-0.7.2 tensorflow-2.19.0 termcolor-3.1.0 typing-extensions-4.14.1 urllib3-2.5.0 werkzeug-3.1.3 wheel-0.45.1 wrapt-1.17.2

D:\2025NUEDC\recognition_training\digit_recognition>python train.py
2025-07-14 18:44:02.773616: I tensorflow/core/util/port.cc:153] oneDNN custom operations are on. You may see slightly different numerical results due to floating-point round-off errors from different computation orders. To turn them off, set the environment variable `TF_ENABLE_ONEDNN_OPTS=0`.
2025-07-14 18:44:08.588237: I tensorflow/core/util/port.cc:153] oneDNN custom operations are on. You may see slightly different numerical results due to floating-point round-off errors from different computation orders. To turn them off, set the environment variable `TF_ENABLE_ONEDNN_OPTS=0`.
Downloading data from https://storage.googleapis.com/tensorflow/tf-keras-datasets/mnist.npz
Traceback (most recent call last):
  File "C:\Python312\Lib\urllib\request.py", line 1344, in do_open
    h.request(req.get_method(), req.selector, req.data, headers,
  File "C:\Python312\Lib\http\client.py", line 1336, in request
    self._send_request(method, url, body, headers, encode_chunked)
  File "C:\Python312\Lib\http\client.py", line 1382, in _send_request
    self.endheaders(body, encode_chunked=encode_chunked)
  File "C:\Python312\Lib\http\client.py", line 1331, in endheaders
    self._send_output(message_body, encode_chunked=encode_chunked)
  File "C:\Python312\Lib\http\client.py", line 1091, in _send_output
    self.send(msg)
  File "C:\Python312\Lib\http\client.py", line 1035, in send
    self.connect()
  File "C:\Python312\Lib\http\client.py", line 1477, in connect
    self.sock = self._context.wrap_socket(self.sock,
                ^^^^^^^^^^^^^^^^^^^^^^^^^^^^^^^^^^^^
  File "C:\Python312\Lib\ssl.py", line 455, in wrap_socket
    return self.sslsocket_class._create(
           ^^^^^^^^^^^^^^^^^^^^^^^^^^^^^
  File "C:\Python312\Lib\ssl.py", line 1041, in _create
    self.do_handshake()
  File "C:\Python312\Lib\ssl.py", line 1319, in do_handshake
    self._sslobj.do_handshake()
ConnectionResetError: [WinError 10054] è¿œç¨‹ä¸»æœºå¼ºè¿«å…³é—­äº†ä¸€ä¸ªçŽ°æœ‰çš„è¿žæŽ¥ã€‚

During handling of the above exception, another exception occurred:

Traceback (most recent call last):
  File "C:\Python312\Lib\site-packages\keras\src\utils\file_utils.py", line 311, in get_file
    urlretrieve(origin, download_target, DLProgbar())
  File "C:\Python312\Lib\urllib\request.py", line 240, in urlretrieve
    with contextlib.closing(urlopen(url, data)) as fp:
                            ^^^^^^^^^^^^^^^^^^
  File "C:\Python312\Lib\urllib\request.py", line 215, in urlopen
    return opener.open(url, data, timeout)
           ^^^^^^^^^^^^^^^^^^^^^^^^^^^^^^^
  File "C:\Python312\Lib\urllib\request.py", line 515, in open
    response = self._open(req, data)
               ^^^^^^^^^^^^^^^^^^^^^
  File "C:\Python312\Lib\urllib\request.py", line 532, in _open
    result = self._call_chain(self.handle_open, protocol, protocol +
             ^^^^^^^^^^^^^^^^^^^^^^^^^^^^^^^^^^^^^^^^^^^^^^^^^^^^^^^
  File "C:\Python312\Lib\urllib\request.py", line 492, in _call_chain
    result = func(*args)
             ^^^^^^^^^^^
  File "C:\Python312\Lib\urllib\request.py", line 1392, in https_open
    return self.do_open(http.client.HTTPSConnection, req,
           ^^^^^^^^^^^^^^^^^^^^^^^^^^^^^^^^^^^^^^^^^^^^^^
  File "C:\Python312\Lib\urllib\request.py", line 1347, in do_open
    raise URLError(err)
urllib.error.URLError: <urlopen error [WinError 10054] è¿œç¨‹ä¸»æœºå¼ºè¿«å…³é—­äº†ä¸€ä¸ªçŽ°æœ‰çš„è¿žæŽ¥ã€‚>

During handling of the above exception, another exception occurred:

Traceback (most recent call last):
  File "D:\2025NUEDC\recognition_training\digit_recognition\train.py", line 5, in <module>
    (train_images, train_labels), _ = datasets.mnist.load_data()
                                      ^^^^^^^^^^^^^^^^^^^^^^^^^^
  File "C:\Python312\Lib\site-packages\keras\src\datasets\mnist.py", line 60, in load_data
    path = get_file(
           ^^^^^^^^^
  File "C:\Python312\Lib\site-packages\keras\src\utils\file_utils.py", line 315, in get_file
    raise Exception(error_msg.format(origin, e.errno, e.reason))
Exception: URL fetch failure on https://storage.googleapis.com/tensorflow/tf-keras-datasets/mnist.npz: None -- [WinError 10054] è¿œç¨‹ä¸»æœºå¼ºè¿«å…³é—­äº†ä¸€ä¸ªçŽ°æœ‰çš„è¿žæŽ¥ã€‚

D:\2025NUEDC\recognition_training\digit_recognition>python train.py
2025-07-14 18:46:26.836665: I tensorflow/core/util/port.cc:153] oneDNN custom operations are on. You may see slightly different numerical results due to floating-point round-off errors from different computation orders. To turn them off, set the environment variable `TF_ENABLE_ONEDNN_OPTS=0`.
2025-07-14 18:46:28.801602: I tensorflow/core/util/port.cc:153] oneDNN custom operations are on. You may see slightly different numerical results due to floating-point round-off errors from different computation orders. To turn them off, set the environment variable `TF_ENABLE_ONEDNN_OPTS=0`.
Traceback (most recent call last):
  File "D:\2025NUEDC\recognition_training\digit_recognition\train.py", line 6, in <module>
    from sklearn.model_selection import train_test_split
ModuleNotFoundError: No module named 'sklearn'

D:\2025NUEDC\recognition_training\digit_recognition>python train.py
2025-07-14 18:48:12.200680: I tensorflow/core/util/port.cc:153] oneDNN custom operations are on. You may see slightly different numerical results due to floating-point round-off errors from different computation orders. To turn them off, set the environment variable `TF_ENABLE_ONEDNN_OPTS=0`.
2025-07-14 18:48:13.343656: I tensorflow/core/util/port.cc:153] oneDNN custom operations are on. You may see slightly different numerical results due to floating-point round-off errors from different computation orders. To turn them off, set the environment variable `TF_ENABLE_ONEDNN_OPTS=0`.
æ­£åœ¨åŠ è½½æœ¬åœ°æ•°æ®é›†...
C:\Python312\Lib\site-packages\keras\src\layers\convolutional\base_conv.py:113: UserWarning: Do not pass an `input_shape`/`input_dim` argument to a layer. When using Sequential models, prefer using an `Input(shape)` object as the first layer in the model instead.
  super().__init__(activity_regularizer=activity_regularizer, **kwargs)
2025-07-14 18:55:48.926235: I tensorflow/core/platform/cpu_feature_guard.cc:210] This TensorFlow binary is optimized to use available CPU instructions in performance-critical operations.
To enable the following instructions: SSE3 SSE4.1 SSE4.2 AVX AVX2 AVX_VNNI FMA, in other operations, rebuild TensorFlow with the appropriate compiler flags.
å¼€å§‹è®­ç»ƒ...
Epoch 1/5
[1m2188/2188[0m [32mâ”â”â”â”â”â”â”â”â”â”â”â”â”â”â”â”â”â”â”â”[0m[37m[0m [1m5s[0m 2ms/step - accuracy: 0.8323 - loss: 0.5830
Epoch 2/5
[1m2188/2188[0m [32mâ”â”â”â”â”â”â”â”â”â”â”â”â”â”â”â”â”â”â”â”[0m[37m[0m [1m5s[0m 2ms/step - accuracy: 0.9689 - loss: 0.1034
Epoch 3/5
[1m2188/2188[0m [32mâ”â”â”â”â”â”â”â”â”â”â”â”â”â”â”â”â”â”â”â”[0m[37m[0m [1m5s[0m 2ms/step - accuracy: 0.9772 - loss: 0.0741
Epoch 4/5
[1m2188/2188[0m [32mâ”â”â”â”â”â”â”â”â”â”â”â”â”â”â”â”â”â”â”â”[0m[37m[0m [1m5s[0m 2ms/step - accuracy: 0.9821 - loss: 0.0571
Epoch 5/5
[1m2188/2188[0m [32mâ”â”â”â”â”â”â”â”â”â”â”â”â”â”â”â”â”â”â”â”[0m[37m[0m [1m5s[0m 2ms/step - accuracy: 0.9856 - loss: 0.0437
WARNING:absl:You are saving your model as an HDF5 file via `model.save()` or `keras.saving.save_model(model)`. This file format is considered legacy. We recommend using instead the native Keras format, e.g. `model.save('my_model.keras')` or `keras.saving.save_model(model, 'my_model.keras')`.
Saved artifact at 'C:\Users\10477\AppData\Local\Temp\tmpdy9ib4n5'. The following endpoints are available:

* Endpoint 'serve'
  args_0 (POSITIONAL_ONLY): TensorSpec(shape=(None, 28, 28, 1), dtype=tf.float32, name='keras_tensor')
Output Type:
  TensorSpec(shape=(None, 10), dtype=tf.float32, name=None)
Captures:
  1948861839696: TensorSpec(shape=(), dtype=tf.resource, name=None)
  1948861841232: TensorSpec(shape=(), dtype=tf.resource, name=None)
  1948861840848: TensorSpec(shape=(), dtype=tf.resource, name=None)
  1948861840656: TensorSpec(shape=(), dtype=tf.resource, name=None)
  1948863725648: TensorSpec(shape=(), dtype=tf.resource, name=None)
  1948863727184: TensorSpec(shape=(), dtype=tf.resource, name=None)
WARNING: All log messages before absl::InitializeLog() is called are written to STDERR
W0000 00:00:1752490572.970552   31180 tf_tfl_flatbuffer_helpers.cc:365] Ignored output_format.
W0000 00:00:1752490572.971325   31180 tf_tfl_flatbuffer_helpers.cc:368] Ignored drop_control_dependency.
2025-07-14 18:56:12.973388: I tensorflow/cc/saved_model/reader.cc:83] Reading SavedModel from: C:\Users\10477\AppData\Local\Temp\tmpdy9ib4n5
2025-07-14 18:56:12.975411: I tensorflow/cc/saved_model/reader.cc:52] Reading meta graph with tags { serve }
2025-07-14 18:56:12.975592: I tensorflow/cc/saved_model/reader.cc:147] Reading SavedModel debug info (if present) from: C:\Users\10477\AppData\Local\Temp\tmpdy9ib4n5
I0000 00:00:1752490572.980576   31180 mlir_graph_optimization_pass.cc:425] MLIR V1 optimization pass is not enabled
2025-07-14 18:56:12.982302: I tensorflow/cc/saved_model/loader.cc:236] Restoring SavedModel bundle.
2025-07-14 18:56:13.005651: I tensorflow/cc/saved_model/loader.cc:220] Running initialization op on SavedModel bundle at path: C:\Users\10477\AppData\Local\Temp\tmpdy9ib4n5
2025-07-14 18:56:13.010638: I tensorflow/cc/saved_model/loader.cc:471] SavedModel load for tags { serve }; Status: success: OK. Took 37578 microseconds.
2025-07-14 18:56:13.041661: I tensorflow/compiler/mlir/tensorflow/utils/dump_mlir_util.cc:269] disabling MLIR crash reproducer, set env var `MLIR_CRASH_REPRODUCER_DIRECTORY` to enable.
è®­ç»ƒå®Œæˆï¼æ¨¡åž‹å·²ä¿å­˜ä¸º digit_model.tflite

D:\2025NUEDC\recognition_training\digit_recognition>
D:\2025NUEDC\recognition_training\digit_recognition>